这是一个测试文件，用于确认文件系统工作正常。